// Jest Snapshot v1, https://goo.gl/fbAQLP

exports[`traverse-object should reach all properties 1`] = `
[
  [
    "b",
    1,
    {
      "b": 1,
      "c": 2,
      "d": null,
    },
  ],
  [
    "c",
    2,
    {
      "b": 1,
      "c": 2,
      "d": null,
    },
  ],
  [
    "d",
    null,
    {
      "b": 1,
      "c": 2,
      "d": null,
    },
  ],
  [
    "e",
    3,
    {
      "a": {
        "b": 1,
        "c": 2,
        "d": null,
      },
      "e": 3,
    },
  ],
]
`;
